// Jest Snapshot v1, https://goo.gl/fbAQLP

exports[`Login matches  snapshot 1`] = `
<div
  className="Login"
>
  <div
    className="center"
  >
    <Card
      expandable={false}
      expanded={null}
      initiallyExpanded={false}
    >
      <div
        className="inner"
      >
        <h1
          className="text"
        >
          Welcome To Yummy Recipes
        </h1>
        <form
          onSubmit={[Function]}
        >
          <TextField
            disabled={false}
            floatingLabelFixed={false}
            floatingLabelText="Username"
            fullWidth={false}
            hintText=" Enter your Username"
            multiLine={false}
            name="username"
            onChange={[Function]}
            rows={1}
            type="text"
            underlineShow={true}
            value=""
          />
          <br />
          <TextField
            disabled={false}
            floatingLabelFixed={false}
            floatingLabelText="Password"
            fullWidth={false}
            hintText=" Enter your Password"
            multiLine={false}
            name="password"
            onChange={[Function]}
            rows={1}
            type="password"
            underlineShow={true}
            value=""
          />
          <br />
          <RaisedButton
            disabled={false}
            fullWidth={false}
            label="Login"
            labelPosition="after"
            primary={true}
            secondary={false}
            style={Object {}}
            type="submit"
          />
          <h2
            className="text"
          >
            Not yet Registed?
          </h2>
          <RaisedButton
            disabled={false}
            fullWidth={false}
            href="/"
            label="Register"
            labelPosition="after"
            primary={true}
            secondary={false}
            style={Object {}}
          />
        </form>
      </div>
    </Card>
  </div>
</div>
`;
