// Jest Snapshot v1, https://goo.gl/fbAQLP

exports[`Login matches  snapshot 1`] = `
<div
  className="Login"
>
  <div
    className="center"
  >
    <Card
      expandable={false}
      expanded={null}
      initiallyExpanded={false}
    >
      <div
        className="inner"
      >
        <h1
          className="text"
        >
          Welcome To Yummy Recipes
        </h1>
        <ValidatorForm
          debounceTime={0}
          onError={[Function]}
          onSubmit={[Function]}
        >
          <TextValidator
            errorMessages={
              Array [
                "this field is required",
                "Username cannot only be numbers",
              ]
            }
            floatingLabelText="Username"
            hintText=" Enter your Username"
            name="username"
            onChange={[Function]}
            validatorListener={[Function]}
            validators={
              Array [
                "required",
                "isString",
              ]
            }
            value=""
          />
          <br />
          <TextValidator
            errorMessages={
              Array [
                "this field is required",
              ]
            }
            floatingLabelText="Password"
            hintText=" Enter your Password"
            name="password"
            onChange={[Function]}
            type="password"
            validatorListener={[Function]}
            validators={
              Array [
                "required",
              ]
            }
            value=""
          />
          <br />
          <RaisedButton
            disabled={false}
            fullWidth={false}
            label="Login"
            labelPosition="after"
            primary={true}
            secondary={false}
            style={Object {}}
            type="submit"
          />
          <h2
            className="text"
          >
            Not yet Registed?
          </h2>
          <RaisedButton
            disabled={false}
            fullWidth={false}
            href="/"
            label="Register"
            labelPosition="after"
            primary={true}
            secondary={false}
            style={Object {}}
          />
        </ValidatorForm>
      </div>
    </Card>
  </div>
</div>
`;
